1% Đang chuyển đổi tập tin đầu vào sang HTML...
Sandboxing disabled by user.
InputFormatPlugin: DOCX Input running
on C:\Users\ascen\Downloads\MODELO ROTEIRO RÁDIO.docx
Parsing all content...
Generating default TOC from spine...
34% Running transforms on e-book...
Merging user specified metadata...
Detecting structure...
Auto generated TOC with 0 entries.
Flattening CSS and remapping font sizes...
Source base font size is 12.00000pt
Removing fake margins...
Cleaning up manifest...
Trimming unused files from manifest...
Creating PDF Output...
67% Running PDF Output plugin
68% Parsed all content for markup transformation
70% Completed markup transformation
Rendering 1 HTML files
90% Rendered all HTML as PDF
91% Added links to PDF content
Removed 2 unused fonts
Merged 4 instances of AAAAAA+Poppins-Regular reducing size from 14.9 KB to 8.8 KB
Merged 4 instances of BAAAAA+Montserrat-Regular reducing size from 28.7 KB to 16.9 KB
Merged 2 instances of CAAAAA+TimesNewRomanPS-BoldMT reducing size from 26.3 KB to 16.7 KB
Merged 2 instances of DAAAAA+TimesNewRomanPSMT reducing size from 36 KB to 30.8 KB
100% Updated metadata in PDF
PDF output written to C:\Users\ascen\Downloads\MODELO ROTEIRO RÁDIO.pdf
Dữ liệu xuất được lưu vào   C:\Users\ascen\Downloads\MODELO ROTEIRO RÁDIO.pdf
